I'm sorry, but errors were detected in your script. Please correct the
errors listed below, and try again.


File "renpy/common/00keymap.rpy", line 1: expected statement.
    RR
      ^

Ren'Py Version: Ren'Py 7.3.5.606
Fri Feb 21 12:15:52 2020
